<?xml version="1.0" encoding="utf-8"?><testsuites><testsuite name="pytest" errors="1" failures="0" skipped="0" tests="1" time="9.053" timestamp="2025-04-01T15:32:18.023746-06:00" hostname="IronMan"><testcase classname="" name="test_redis" file="test_redis.py" time="0.000"><error message="collection failure">import file mismatch:
imported module 'test_redis' has this __file__ attribute:
  C:\Users\tyriq\Documents\Github\django-supabase-template\backend\core\tests\test_redis.py
which is not the same as the test file we want to collect:
  C:\Users\tyriq\Documents\Github\django-supabase-template\backend\test_redis.py
HINT: remove __pycache__ / .pyc files and/or use a unique basename for your test file modules</error></testcase></testsuite></testsuites>